
R version 2.15.0 (2012-03-30)
Copyright (C) 2012 The R Foundation for Statistical Computing
ISBN 3-900051-07-0
Platform: x86_64-apple-darwin9.8.0/x86_64 (64-bit)

R is free software and comes with ABSOLUTELY NO WARRANTY.
You are welcome to redistribute it under certain conditions.
Type 'license()' or 'licence()' for distribution details.

  Natural language support but running in an English locale

R is a collaborative project with many contributors.
Type 'contributors()' for more information and
'citation()' on how to cite R or R packages in publications.

Type 'demo()' for some demos, 'help()' for on-line help, or
'help.start()' for an HTML browser interface to help.
Type 'q()' to quit R.

> rm(list=ls())
> source("~/proteinevoutk20/pkg/R/pphyproevo.R")
Loading required package: ape

Attaching package: ‘ape’

The following object(s) are masked from ‘package:seqinr’:

    as.alignment, consensus

Loading required package: igraph
Loading required package: Matrix
Loading required package: lattice
Loading required package: numDeriv

Attaching package: ‘expm’

The following object(s) are masked from ‘package:Matrix’:

    expm


Attaching package: ‘multicore’

The following object(s) are masked from ‘package:lattice’:

    parallel

Loading required package: Rcpp
This is mgcv 1.7-17. For overview type 'help("mgcv-package")'.
> 
> ## test run from 1:10
> system.time(res <- MLE.s(c(beta[1],gamma[1]),1:10))
    user   system  elapsed 
1741.439    2.442  331.723 
Warning message:
In mclapply(generange, mle.s.one) :
  scheduled core 4 encountered error in user code, all values of the job will be affected
> save.image(file="test1")
> 
> proc.time()
    user   system  elapsed 
1746.882    2.551  337.278 
